[dotenv@17.2.3] injecting env (11) from .env.local -- tip: ­ƒöä add secrets lifecycle management: https://dotenvx.com/ops
­ƒöì V├®rification de la configuration Google Analytics

Ô£à Variables d'environnement:
  GOOGLE_SERVICE_ACCOUNT_EMAIL: Ô£ô D├®fini
    ÔåÆ orylis-analytics-reader@crypto-hallway-483917-n6.iam.gserviceaccount.com
  GOOGLE_PRIVATE_KEY: Ô£ô D├®fini

­ƒöæ Format de la cl├® priv├®e:
  Commence par '-----BEGIN': Ô£ô
  Termine par '-----END': Ô£ô
  Contient des \n: Ô£ù
  Longueur: 1703 caract├¿res
  Premiers 50 caract├¿res: -----BEGIN PRIVATE KEY-----
MIIEvAIBADANBgkqhkiG9w...

­ƒöº Tentative de cr├®ation du client Google Analytics...
node.exe : 
Au caractère Ligne:1 : 1
+ & "C:\Program 
Files\nodejs/node.exe" 
"C:\Program 
Files\nodejs/node_mo ...
+ ~~~~~~~~~~~~~~~~~~~~~~~~~~~
~~~~~~~~~~~~~~~~~~~~~~~~~~~~~
~~~~~~~~~~~~~
    + CategoryInfo           
   : NotSpecified: (:String  
  ) [], RemoteException
    + FullyQualifiedErrorId  
   : NativeCommandError
 
ÔØî Erreur lors de la 
cr├®ation du client:
Message: require is not 
defined

Stack trace:
ReferenceError: require is 
not defined
    at <anonymous> 
(C:\Users\lpuss\app orylis\sc
ripts\test-google-analytics.t
s:33:41)
    at ModuleJob.run (node:in
ternal/modules/esm/module_job
:345:25)
    at async onImport.tracePr
omise.__proto__ (node:interna
l/modules/esm/loader:665:26)
    at async asyncRunEntryPoi
ntWithESMLoader (node:interna
l/modules/run_main:117:5)

­ƒÆí Solution:
  V├®rifiez que GOOGLE_PRIVATE_KEY contient des retours ├á ligne \n
  Format: "-----BEGIN PRIVATE KEY-----\nVOTRE_CLE\n-----END PRIVATE KEY-----"
