components/onboarding/prospect-onboarding-wizard.tsx(238,9): error TS2353: Object literal may only specify known properties, and 'phone' does not exist in type '{ companyName: string; activity: string; siteGoal: ("present_services" | "get_contacts" | "sell_online" | "optimize_image" | "other")[]; preferredStyles: ("simple_minimalist" | "modern_dynamic" | "luxury_elegant" | "colorful_creative" | "professional_serious" | "not_sure")[]; ... 7 more ...; importantInfo?: string |...'.
