app/(dashboard)/billing/page.tsx(119,13): error TS2322: Type '"client" | "staff" | "sales"' is not assignable to type '"prospect" | "client" | "staff"'.
  Type '"sales"' is not assignable to type '"prospect" | "client" | "staff"'.
app/(dashboard)/files/page.tsx(113,9): error TS2322: Type '"prospect" | "client" | "staff" | "sales"' is not assignable to type '"prospect" | "client" | "staff"'.
  Type '"sales"' is not assignable to type '"prospect" | "client" | "staff"'.
app/(dashboard)/layout.tsx(71,11): error TS2322: Type '"prospect" | "client" | "staff" | "sales"' is not assignable to type '"prospect" | "client" | "staff"'.
  Type '"sales"' is not assignable to type '"prospect" | "client" | "staff"'.
app/(dashboard)/page.tsx(814,17): error TS2322: Type '"prospect" | "client" | "staff" | "sales"' is not assignable to type '"prospect" | "client" | "staff"'.
  Type '"sales"' is not assignable to type '"prospect" | "client" | "staff"'.
app/(dashboard)/tickets/page.tsx(182,9): error TS2322: Type '"prospect" | "client" | "staff" | "sales"' is not assignable to type '"prospect" | "client" | "staff"'.
  Type '"sales"' is not assignable to type '"prospect" | "client" | "staff"'.
app/api/webhooks/calendly/route.ts(68,41): error TS2339: Property 'users' does not exist on type '{ readonly authUsers: RelationalQueryBuilder<ExtractTablesWithRelations<typeof import("C:/Users/lpuss/app orylis/lib/schema")>, { tsName: "authUsers"; dbName: "user"; columns: { id: PgColumn<{ name: "id"; ... 13 more ...; generated: undefined; }, {}, {}>; name: PgColumn<...>; email: PgColumn<...>; emailVerified: PgC...'.
app/api/webhooks/calendly/route.ts(69,25): error TS7006: Parameter 'users' implicitly has an 'any' type.
app/api/webhooks/calendly/route.ts(69,34): error TS7031: Binding element 'eq' implicitly has an 'any' type.
app/api/webhooks/calendly/route.ts(77,25): error TS2322: Type '"demo_in_progress"' is not assignable to type '"new" | "contacted" | "demo_sent" | "offer_sent" | "negotiation" | "lost" | PgColumn<ColumnBaseConfig<ColumnDataType, string>, {}, {}> | SQL<...> | undefined'.
lib/ticket-messages.ts(45,3): error TS2322: Type '{ id: string; body: string; createdAt: Date; isInternal: boolean; files: { name: string; url: string; type: string; size: number; }[]; author: { id: string; fullName: string | null; email: string; role: "prospect" | ... 2 more ... | "sales"; }; }[]' is not assignable to type 'TicketMessageWithAuthor[]'.
  Type '{ id: string; body: string; createdAt: Date; isInternal: boolean; files: { name: string; url: string; type: string; size: number; }[]; author: { id: string; fullName: string | null; email: string; role: "prospect" | ... 2 more ... | "sales"; }; }' is not assignable to type 'TicketMessageWithAuthor'.
    The types of 'author.role' are incompatible between these types.
      Type '"prospect" | "client" | "staff" | "sales"' is not assignable to type '"prospect" | "client" | "staff"'.
        Type '"sales"' is not assignable to type '"prospect" | "client" | "staff"'.
scripts/migrate-sales.ts(1,20): error TS2307: Cannot find module './lib/db' or its corresponding type declarations.
